// Vitest Snapshot v1, https://vitest.dev/guide/snapshot.html

exports[`verification > should have all contracts verified except for the known set of errors 1`] = `
[
  {
    "item": {
      "chainId": 1101,
      "path": [
        "GovernanceV3PolygonZkEvm",
        "PC_DATA_HELPER",
      ],
      "value": "0xF1c11BE0b4466728DDb7991A0Ac5265646ec9672",
    },
  },
  {
    "item": {
      "chainId": 1,
      "path": [
        "AaveV2EthereumAMM",
        "UI_INCENTIVE_DATA_PROVIDER",
      ],
      "value": "0xD01ab9a6577E1D84F142e44D49380e23A340387d",
    },
  },
  {
    "item": {
      "chainId": 137,
      "path": [
        "AaveV2Polygon",
        "UI_INCENTIVE_DATA_PROVIDER",
      ],
      "value": "0x645654D59A5226CBab969b1f5431aA47CBf64ab8",
    },
  },
  {
    "item": {
      "chainId": 43114,
      "path": [
        "AaveV2Avalanche",
        "UI_INCENTIVE_DATA_PROVIDER",
      ],
      "value": "0x11979886A6dBAE27D7a72c49fCF3F23240D647bF",
    },
  },
]
`;
